// Jest Snapshot v1, https://goo.gl/fbAQLP

exports[`Pollution component matches snapshot 1`] = `
<DocumentFragment>
   
  <p>
    Loading...
  </p>
</DocumentFragment>
`;
